bdfhjlnprtvxzbdf
abcdefghijklmnop
abcdefghijklmnop
abcdefghijklmnop
abcdefghijklmnop
abcdefghijklmnop
abcdefghijklmnop
