gbcdefghijklmnop
gbcdefghijklmnop
gbcdefghijklmnop
gbcdefghijklmnop
gbcdefghijklmnop
gbcdefghijklmnop
gbcdefghijklmnop
