fbcdeaghijklmnop
fbcdeaghijklmnop
fbcdeaghijklmnop
fbcdeaghijklmnop
fbcdeaghijklmnop
fbcdeaghijklmnop
fbcdeaghijklmnop
