abcdefghijklmnop
abcdefghijklmnop
abcdefghijklmnop
abcdefghijklmnop
pabcdefghijklmno
abcdefghijklmnop
abcdefghijklmnop
