abcdefghijklmnop
abcdefghijklmnop
abcdefghijklmnop
abcdefghijklmnop
bcdefghijklmnopa
abcdefghijklmnop
abcdefghijklmnop
